Archive member included because of file (symbol)

/home/aszdrick/ufsc/soII/INE5424_FinalProject/software/semaphore_application_bsp//libhal_bsp.a(alt_load.o)
                              /home/aszdrick/ufsc/soII/INE5424_FinalProject/software/semaphore_application_bsp//obj/HAL/src/crt0.o (alt_load)
/home/aszdrick/ufsc/soII/INE5424_FinalProject/software/semaphore_application_bsp//libhal_bsp.a(alt_main.o)
                              /home/aszdrick/ufsc/soII/INE5424_FinalProject/software/semaphore_application_bsp//obj/HAL/src/crt0.o (alt_main)
/home/aszdrick/ufsc/soII/INE5424_FinalProject/software/semaphore_application_bsp//libhal_bsp.a(alt_printf.o)
                              obj/default/main.o (alt_printf)
/home/aszdrick/ufsc/soII/INE5424_FinalProject/software/semaphore_application_bsp//libhal_bsp.a(alt_putchar.o)
                              /home/aszdrick/ufsc/soII/INE5424_FinalProject/software/semaphore_application_bsp//libhal_bsp.a(alt_printf.o) (alt_putchar)
/home/aszdrick/ufsc/soII/INE5424_FinalProject/software/semaphore_application_bsp//libhal_bsp.a(alt_putstr.o)
                              obj/default/main.o (alt_putstr)
/home/aszdrick/ufsc/soII/INE5424_FinalProject/software/semaphore_application_bsp//libhal_bsp.a(alt_sys_init.o)
                              /home/aszdrick/ufsc/soII/INE5424_FinalProject/software/semaphore_application_bsp//libhal_bsp.a(alt_main.o) (alt_sys_init)
/home/aszdrick/ufsc/soII/INE5424_FinalProject/software/semaphore_application_bsp//libhal_bsp.a(altera_avalon_jtag_uart_write.o)
                              /home/aszdrick/ufsc/soII/INE5424_FinalProject/software/semaphore_application_bsp//libhal_bsp.a(alt_putchar.o) (altera_avalon_jtag_uart_write)
/home/aszdrick/ufsc/soII/INE5424_FinalProject/software/semaphore_application_bsp//libhal_bsp.a(alt_dcache_flush_all.o)
                              /home/aszdrick/ufsc/soII/INE5424_FinalProject/software/semaphore_application_bsp//libhal_bsp.a(alt_load.o) (alt_dcache_flush_all)
/home/aszdrick/ufsc/soII/INE5424_FinalProject/software/semaphore_application_bsp//libhal_bsp.a(alt_icache_flush_all.o)
                              /home/aszdrick/ufsc/soII/INE5424_FinalProject/software/semaphore_application_bsp//libhal_bsp.a(alt_load.o) (alt_icache_flush_all)
/home/aszdrick/ufsc/soII/INE5424_FinalProject/software/semaphore_application_bsp//libhal_bsp.a(altera_nios2_qsys_irq.o)
                              /home/aszdrick/ufsc/soII/INE5424_FinalProject/software/semaphore_application_bsp//libhal_bsp.a(alt_sys_init.o) (altera_nios2_qsys_irq_init)
/home/aszdrick/ufsc/soII/INE5424_FinalProject/software/semaphore_application_bsp//libhal_bsp.a(alt_icache_flush.o)
                              /home/aszdrick/ufsc/soII/INE5424_FinalProject/software/semaphore_application_bsp//libhal_bsp.a(alt_icache_flush_all.o) (alt_icache_flush)
/home/aszdrick/altera/13.0sp1/nios2eds/bin/gnu/H-i686-pc-linux-gnu/bin/../lib/gcc/nios2-elf/4.1.2/../../../../nios2-elf/lib/libsmallc.a(lib_a-strlen.o)
                              /home/aszdrick/ufsc/soII/INE5424_FinalProject/software/semaphore_application_bsp//libhal_bsp.a(alt_putstr.o) (strlen)

Memory Configuration

Name             Origin             Length             Attributes
reset            0x00008000         0x00000020
onchip_memory    0x00008020         0x00007fe0
*default*        0x00000000         0xffffffff

Linker script and memory map

LOAD /home/aszdrick/ufsc/soII/INE5424_FinalProject/software/semaphore_application_bsp//obj/HAL/src/crt0.o
                0x0000801c                exit = _exit
LOAD obj/default/Semaphore.o
LOAD obj/default/main.o
LOAD /home/aszdrick/altera/13.0sp1/nios2eds/bin/gnu/H-i686-pc-linux-gnu/bin/../lib/gcc/nios2-elf/4.1.2/../../../../nios2-elf/lib/libstdc++.a
LOAD /home/aszdrick/altera/13.0sp1/nios2eds/bin/gnu/H-i686-pc-linux-gnu/bin/../lib/gcc/nios2-elf/4.1.2/../../../../nios2-elf/lib/libm.a
LOAD /home/aszdrick/altera/13.0sp1/nios2eds/bin/gnu/H-i686-pc-linux-gnu/bin/../lib/gcc/nios2-elf/4.1.2/libgcc.a
START GROUP
LOAD /home/aszdrick/altera/13.0sp1/nios2eds/bin/gnu/H-i686-pc-linux-gnu/bin/../lib/gcc/nios2-elf/4.1.2/../../../../nios2-elf/lib/libsmallc.a
LOAD /home/aszdrick/altera/13.0sp1/nios2eds/bin/gnu/H-i686-pc-linux-gnu/bin/../lib/gcc/nios2-elf/4.1.2/libgcc.a
LOAD /home/aszdrick/ufsc/soII/INE5424_FinalProject/software/semaphore_application_bsp//libhal_bsp.a
END GROUP
LOAD /home/aszdrick/altera/13.0sp1/nios2eds/bin/gnu/H-i686-pc-linux-gnu/bin/../lib/gcc/nios2-elf/4.1.2/libgcc.a
                0x00008000                __alt_mem_onchip_memory = 0x8000

.entry          0x00008000       0x20
 *(.entry)
 .entry         0x00008000       0x20 /home/aszdrick/ufsc/soII/INE5424_FinalProject/software/semaphore_application_bsp//obj/HAL/src/crt0.o
                0x00008000                __reset
                0x0000801c                _exit

.exceptions     0x00008020        0x0
                0x00008020                PROVIDE (__ram_exceptions_start, ABSOLUTE (.))
                0x00008020                . = ALIGN (0x20)
 *(.irq)
 *(.exceptions.entry.label)
 *(.exceptions.entry.user)
 *(.exceptions.entry)
 *(.exceptions.irqtest.user)
 *(.exceptions.irqtest)
 *(.exceptions.irqhandler.user)
 *(.exceptions.irqhandler)
 *(.exceptions.irqreturn.user)
 *(.exceptions.irqreturn)
 *(.exceptions.notirq.label)
 *(.exceptions.notirq.user)
 *(.exceptions.notirq)
 *(.exceptions.soft.user)
 *(.exceptions.soft)
 *(.exceptions.unknown.user)
 *(.exceptions.unknown)
 *(.exceptions.exit.label)
 *(.exceptions.exit.user)
 *(.exceptions.exit)
 *(.exceptions)
                0x00008020                PROVIDE (__ram_exceptions_end, ABSOLUTE (.))
                0x00008020                PROVIDE (__flash_exceptions_start, LOADADDR (.exceptions))

.text           0x00008020      0x564
                0x00008020                PROVIDE (stext, ABSOLUTE (.))
 *(.interp)
 *(.hash)
 *(.dynsym)
 *(.dynstr)
 *(.gnu.version)
 *(.gnu.version_d)
 *(.gnu.version_r)
 *(.rel.init)
 *(.rela.init)
 *(.rel.text .rel.text.* .rel.gnu.linkonce.t.*)
 *(.rela.text .rela.text.* .rela.gnu.linkonce.t.*)
 *(.rel.fini)
 *(.rela.fini)
 *(.rel.rodata .rel.rodata.* .rel.gnu.linkonce.r.*)
 *(.rela.rodata .rela.rodata.* .rela.gnu.linkonce.r.*)
 *(.rel.data .rel.data.* .rel.gnu.linkonce.d.*)
 *(.rela.data .rela.data.* .rela.gnu.linkonce.d.*)
 *(.rel.tdata .rel.tdata.* .rel.gnu.linkonce.td.*)
 *(.rela.tdata .rela.tdata.* .rela.gnu.linkonce.td.*)
 *(.rel.tbss .rel.tbss.* .rel.gnu.linkonce.tb.*)
 *(.rela.tbss .rela.tbss.* .rela.gnu.linkonce.tb.*)
 *(.rel.ctors)
 *(.rela.ctors)
 *(.rel.dtors)
 *(.rela.dtors)
 *(.rel.got)
 *(.rela.got)
 *(.rel.sdata .rel.sdata.* .rel.gnu.linkonce.s.*)
 *(.rela.sdata .rela.sdata.* .rela.gnu.linkonce.s.*)
 *(.rel.sbss .rel.sbss.* .rel.gnu.linkonce.sb.*)
 *(.rela.sbss .rela.sbss.* .rela.gnu.linkonce.sb.*)
 *(.rel.sdata2 .rel.sdata2.* .rel.gnu.linkonce.s2.*)
 *(.rela.sdata2 .rela.sdata2.* .rela.gnu.linkonce.s2.*)
 *(.rel.sbss2 .rel.sbss2.* .rel.gnu.linkonce.sb2.*)
 *(.rela.sbss2 .rela.sbss2.* .rela.gnu.linkonce.sb2.*)
 *(.rel.bss .rel.bss.* .rel.gnu.linkonce.b.*)
 *(.rela.bss .rela.bss.* .rela.gnu.linkonce.b.*)
 *(.rel.plt)
 *(.rela.plt)
 *(.rel.dyn)
 *(.init)
 *(.plt)
 *(.text .stub .text.* .gnu.linkonce.t.*)
 .text          0x00008020       0x4c /home/aszdrick/ufsc/soII/INE5424_FinalProject/software/semaphore_application_bsp//obj/HAL/src/crt0.o
                0x00008020                _start
 .text          0x0000806c       0x18 obj/default/Semaphore.o
                0x0000806c                _ZN9SemaphoreC2Ej
                0x00008070                _ZN9SemaphoreC1Ej
                0x00008074                _ZN9SemaphoreD2Ev
                0x00008078                _ZN9SemaphoreD1Ev
                0x0000807c                _ZN9Semaphore1pEv
                0x00008080                _ZN9Semaphore1vEv
 .text          0x00008084      0x1a0 obj/default/main.o
                0x00008084                main
 .text          0x00008224       0x8c /home/aszdrick/ufsc/soII/INE5424_FinalProject/software/semaphore_application_bsp//libhal_bsp.a(alt_load.o)
                0x00008244                alt_load
 .text          0x000082b0       0x2c /home/aszdrick/ufsc/soII/INE5424_FinalProject/software/semaphore_application_bsp//libhal_bsp.a(alt_main.o)
                0x000082b0                alt_main
 .text          0x000082dc      0x144 /home/aszdrick/ufsc/soII/INE5424_FinalProject/software/semaphore_application_bsp//libhal_bsp.a(alt_printf.o)
                0x000082dc                alt_printf
 .text          0x00008420       0x50 /home/aszdrick/ufsc/soII/INE5424_FinalProject/software/semaphore_application_bsp//libhal_bsp.a(alt_putchar.o)
                0x00008420                alt_putchar
 .text          0x00008470       0x38 /home/aszdrick/ufsc/soII/INE5424_FinalProject/software/semaphore_application_bsp//libhal_bsp.a(alt_putstr.o)
                0x00008470                alt_putstr
 .text          0x000084a8       0x24 /home/aszdrick/ufsc/soII/INE5424_FinalProject/software/semaphore_application_bsp//libhal_bsp.a(alt_sys_init.o)
                0x000084a8                alt_sys_init
                0x000084ac                alt_irq_init
 .text          0x000084cc       0x34 /home/aszdrick/ufsc/soII/INE5424_FinalProject/software/semaphore_application_bsp//libhal_bsp.a(altera_avalon_jtag_uart_write.o)
                0x000084cc                altera_avalon_jtag_uart_write
 .text          0x00008500       0x18 /home/aszdrick/ufsc/soII/INE5424_FinalProject/software/semaphore_application_bsp//libhal_bsp.a(alt_dcache_flush_all.o)
                0x00008500                alt_dcache_flush_all
 .text          0x00008518        0xc /home/aszdrick/ufsc/soII/INE5424_FinalProject/software/semaphore_application_bsp//libhal_bsp.a(alt_icache_flush_all.o)
                0x00008518                alt_icache_flush_all
 .text          0x00008524        0x8 /home/aszdrick/ufsc/soII/INE5424_FinalProject/software/semaphore_application_bsp//libhal_bsp.a(altera_nios2_qsys_irq.o)
                0x00008524                altera_nios2_qsys_irq_init
 .text          0x0000852c       0x38 /home/aszdrick/ufsc/soII/INE5424_FinalProject/software/semaphore_application_bsp//libhal_bsp.a(alt_icache_flush.o)
                0x0000852c                alt_icache_flush
 .text          0x00008564       0x20 /home/aszdrick/altera/13.0sp1/nios2eds/bin/gnu/H-i686-pc-linux-gnu/bin/../lib/gcc/nios2-elf/4.1.2/../../../../nios2-elf/lib/libsmallc.a(lib_a-strlen.o)
                0x00008564                strlen
 *(.gnu.warning.*)
 *(.fini)
                0x00008584                PROVIDE (__etext, ABSOLUTE (.))
                0x00008584                PROVIDE (_etext, ABSOLUTE (.))
                0x00008584                PROVIDE (etext, ABSOLUTE (.))
 *(.eh_frame_hdr)
                0x00008584                . = ALIGN (0x4)
                0x00008584                PROVIDE (__preinit_array_start, ABSOLUTE (.))
 *(.preinit_array)
                0x00008584                PROVIDE (__preinit_array_end, ABSOLUTE (.))
                0x00008584                PROVIDE (__init_array_start, ABSOLUTE (.))
 *(.init_array)
                0x00008584                PROVIDE (__init_array_end, ABSOLUTE (.))
                0x00008584                PROVIDE (__fini_array_start, ABSOLUTE (.))
 *(.fini_array)
                0x00008584                PROVIDE (__fini_array_end, ABSOLUTE (.))
 *(.eh_frame)
 *(.gcc_except_table)
 *(.dynamic)
                0x00008584                PROVIDE (__CTOR_LIST__, ABSOLUTE (.))
 *(.ctors)
 *(SORT(.ctors.*))
                0x00008584                PROVIDE (__CTOR_END__, ABSOLUTE (.))
                0x00008584                PROVIDE (__DTOR_LIST__, ABSOLUTE (.))
 *(.dtors)
 *(SORT(.dtors.*))
                0x00008584                PROVIDE (__DTOR_END__, ABSOLUTE (.))
 *(.jcr)
                0x00008584                . = ALIGN (0x4)

.rodata         0x00008584       0x3c
                0x00008584                PROVIDE (__ram_rodata_start, ABSOLUTE (.))
                0x00008584                . = ALIGN (0x4)
 *(.rodata .rodata.* .gnu.linkonce.r.*)
 .rodata.str1.4
                0x00008584       0x3c obj/default/main.o
 *(.rodata1)
                0x000085c0                . = ALIGN (0x4)
                0x000085c0                PROVIDE (__ram_rodata_end, ABSOLUTE (.))
                0x00008584                PROVIDE (__flash_rodata_start, LOADADDR (.rodata))

.rwdata         0x000085c0        0xc load address 0x000085cc
                0x000085c0                PROVIDE (__ram_rwdata_start, ABSOLUTE (.))
                0x000085c0                . = ALIGN (0x4)
 *(.got.plt)
 *(.got)
 *(.data1)
 *(.data .data.* .gnu.linkonce.d.*)
 .data          0x000085c0        0x0 /home/aszdrick/ufsc/soII/INE5424_FinalProject/software/semaphore_application_bsp//obj/HAL/src/crt0.o
 .data          0x000085c0        0x0 obj/default/Semaphore.o
 .data          0x000085c0        0x0 obj/default/main.o
 .data          0x000085c0        0x0 /home/aszdrick/ufsc/soII/INE5424_FinalProject/software/semaphore_application_bsp//libhal_bsp.a(alt_load.o)
 .data          0x000085c0        0x0 /home/aszdrick/ufsc/soII/INE5424_FinalProject/software/semaphore_application_bsp//libhal_bsp.a(alt_main.o)
 .data          0x000085c0        0x0 /home/aszdrick/ufsc/soII/INE5424_FinalProject/software/semaphore_application_bsp//libhal_bsp.a(alt_printf.o)
 .data          0x000085c0        0x0 /home/aszdrick/ufsc/soII/INE5424_FinalProject/software/semaphore_application_bsp//libhal_bsp.a(alt_putchar.o)
 .data          0x000085c0        0x0 /home/aszdrick/ufsc/soII/INE5424_FinalProject/software/semaphore_application_bsp//libhal_bsp.a(alt_putstr.o)
 .data          0x000085c0        0x0 /home/aszdrick/ufsc/soII/INE5424_FinalProject/software/semaphore_application_bsp//libhal_bsp.a(alt_sys_init.o)
 .data          0x000085c0        0x0 /home/aszdrick/ufsc/soII/INE5424_FinalProject/software/semaphore_application_bsp//libhal_bsp.a(altera_avalon_jtag_uart_write.o)
 .data          0x000085c0        0x0 /home/aszdrick/ufsc/soII/INE5424_FinalProject/software/semaphore_application_bsp//libhal_bsp.a(alt_dcache_flush_all.o)
 .data          0x000085c0        0x0 /home/aszdrick/ufsc/soII/INE5424_FinalProject/software/semaphore_application_bsp//libhal_bsp.a(alt_icache_flush_all.o)
 .data          0x000085c0        0x0 /home/aszdrick/ufsc/soII/INE5424_FinalProject/software/semaphore_application_bsp//libhal_bsp.a(altera_nios2_qsys_irq.o)
 .data          0x000085c0        0x0 /home/aszdrick/ufsc/soII/INE5424_FinalProject/software/semaphore_application_bsp//libhal_bsp.a(alt_icache_flush.o)
 .data          0x000085c0        0x0 /home/aszdrick/altera/13.0sp1/nios2eds/bin/gnu/H-i686-pc-linux-gnu/bin/../lib/gcc/nios2-elf/4.1.2/../../../../nios2-elf/lib/libsmallc.a(lib_a-strlen.o)
                0x000105c0                _gp = ABSOLUTE ((. + 0x8000))
                0x000105c0                PROVIDE (gp, _gp)
 *(.rwdata .rwdata.*)
 *(.sdata .sdata.* .gnu.linkonce.s.*)
 .sdata         0x000085c0        0x8 obj/default/Semaphore.o
                0x000085c0                _ZN9Semaphore4BASEE
 .sdata         0x000085c8        0x4 /home/aszdrick/ufsc/soII/INE5424_FinalProject/software/semaphore_application_bsp//libhal_bsp.a(alt_sys_init.o)
                0x000085c8                jtag_uart
 *(.sdata2 .sdata2.* .gnu.linkonce.s2.*)
                0x000085cc                . = ALIGN (0x4)
                0x000085cc                _edata = ABSOLUTE (.)
                0x000085cc                PROVIDE (edata, ABSOLUTE (.))
                0x000085cc                PROVIDE (__ram_rwdata_end, ABSOLUTE (.))
                0x000085cc                PROVIDE (__flash_rwdata_start, LOADADDR (.rwdata))

.bss            0x000085d8        0xc
                0x000085d8                __bss_start = ABSOLUTE (.)
                0x000085d8                PROVIDE (__sbss_start, ABSOLUTE (.))
                0x000085d8                PROVIDE (___sbss_start, ABSOLUTE (.))
 *(.dynsbss)
 *(.sbss .sbss.* .gnu.linkonce.sb.*)
 .sbss          0x000085d8        0xc /home/aszdrick/ufsc/soII/INE5424_FinalProject/software/semaphore_application_bsp//libhal_bsp.a(alt_main.o)
                0x000085d8                alt_argc
                0x000085dc                alt_argv
                0x000085e0                alt_envp
 *(.sbss2 .sbss2.* .gnu.linkonce.sb2.*)
 *(.scommon)
                0x000085e4                PROVIDE (__sbss_end, ABSOLUTE (.))
                0x000085e4                PROVIDE (___sbss_end, ABSOLUTE (.))
 *(.dynbss)
 *(.bss .bss.* .gnu.linkonce.b.*)
 .bss           0x000085e4        0x0 /home/aszdrick/ufsc/soII/INE5424_FinalProject/software/semaphore_application_bsp//obj/HAL/src/crt0.o
 .bss           0x000085e4        0x0 obj/default/Semaphore.o
 .bss           0x000085e4        0x0 obj/default/main.o
 .bss           0x000085e4        0x0 /home/aszdrick/ufsc/soII/INE5424_FinalProject/software/semaphore_application_bsp//libhal_bsp.a(alt_load.o)
 .bss           0x000085e4        0x0 /home/aszdrick/ufsc/soII/INE5424_FinalProject/software/semaphore_application_bsp//libhal_bsp.a(alt_main.o)
 .bss           0x000085e4        0x0 /home/aszdrick/ufsc/soII/INE5424_FinalProject/software/semaphore_application_bsp//libhal_bsp.a(alt_printf.o)
 .bss           0x000085e4        0x0 /home/aszdrick/ufsc/soII/INE5424_FinalProject/software/semaphore_application_bsp//libhal_bsp.a(alt_putchar.o)
 .bss           0x000085e4        0x0 /home/aszdrick/ufsc/soII/INE5424_FinalProject/software/semaphore_application_bsp//libhal_bsp.a(alt_putstr.o)
 .bss           0x000085e4        0x0 /home/aszdrick/ufsc/soII/INE5424_FinalProject/software/semaphore_application_bsp//libhal_bsp.a(alt_sys_init.o)
 .bss           0x000085e4        0x0 /home/aszdrick/ufsc/soII/INE5424_FinalProject/software/semaphore_application_bsp//libhal_bsp.a(altera_avalon_jtag_uart_write.o)
 .bss           0x000085e4        0x0 /home/aszdrick/ufsc/soII/INE5424_FinalProject/software/semaphore_application_bsp//libhal_bsp.a(alt_dcache_flush_all.o)
 .bss           0x000085e4        0x0 /home/aszdrick/ufsc/soII/INE5424_FinalProject/software/semaphore_application_bsp//libhal_bsp.a(alt_icache_flush_all.o)
 .bss           0x000085e4        0x0 /home/aszdrick/ufsc/soII/INE5424_FinalProject/software/semaphore_application_bsp//libhal_bsp.a(altera_nios2_qsys_irq.o)
 .bss           0x000085e4        0x0 /home/aszdrick/ufsc/soII/INE5424_FinalProject/software/semaphore_application_bsp//libhal_bsp.a(alt_icache_flush.o)
 .bss           0x000085e4        0x0 /home/aszdrick/altera/13.0sp1/nios2eds/bin/gnu/H-i686-pc-linux-gnu/bin/../lib/gcc/nios2-elf/4.1.2/../../../../nios2-elf/lib/libsmallc.a(lib_a-strlen.o)
 *(COMMON)
                0x000085e4                . = ALIGN (0x4)
                0x000085e4                __bss_end = ABSOLUTE (.)

.onchip_memory  0x000085e4        0x0
                0x000085e4                PROVIDE (_alt_partition_onchip_memory_start, ABSOLUTE (.))
 *(.onchip_memory. onchip_memory.*)
                0x000085e4                . = ALIGN (0x4)
                0x000085e4                PROVIDE (_alt_partition_onchip_memory_end, ABSOLUTE (.))
                0x000085e4                _end = ABSOLUTE (.)
                0x000085e4                end = ABSOLUTE (.)
                0x000085e4                __alt_stack_base = ABSOLUTE (.)
                0x000085e4                PROVIDE (_alt_partition_onchip_memory_load_addr, LOADADDR (.onchip_memory))

.stab
 *(.stab)

.stabstr
 *(.stabstr)

.stab.excl
 *(.stab.excl)

.stab.exclstr
 *(.stab.exclstr)

.stab.index
 *(.stab.index)

.stab.indexstr
 *(.stab.indexstr)

.comment        0x00000000       0x26
 *(.comment)
 .comment       0x00000000       0x26 obj/default/Semaphore.o
                                 0x27 (size before relaxing)
 .comment       0x00000000       0x27 obj/default/main.o
 .comment       0x00000000       0x27 /home/aszdrick/ufsc/soII/INE5424_FinalProject/software/semaphore_application_bsp//libhal_bsp.a(alt_load.o)
 .comment       0x00000000       0x27 /home/aszdrick/ufsc/soII/INE5424_FinalProject/software/semaphore_application_bsp//libhal_bsp.a(alt_main.o)
 .comment       0x00000000       0x27 /home/aszdrick/ufsc/soII/INE5424_FinalProject/software/semaphore_application_bsp//libhal_bsp.a(alt_printf.o)
 .comment       0x00000000       0x27 /home/aszdrick/ufsc/soII/INE5424_FinalProject/software/semaphore_application_bsp//libhal_bsp.a(alt_putchar.o)
 .comment       0x00000000       0x27 /home/aszdrick/ufsc/soII/INE5424_FinalProject/software/semaphore_application_bsp//libhal_bsp.a(alt_putstr.o)
 .comment       0x00000000       0x27 /home/aszdrick/ufsc/soII/INE5424_FinalProject/software/semaphore_application_bsp//libhal_bsp.a(alt_sys_init.o)
 .comment       0x00000000       0x27 /home/aszdrick/ufsc/soII/INE5424_FinalProject/software/semaphore_application_bsp//libhal_bsp.a(altera_avalon_jtag_uart_write.o)
 .comment       0x00000000       0x27 /home/aszdrick/ufsc/soII/INE5424_FinalProject/software/semaphore_application_bsp//libhal_bsp.a(alt_dcache_flush_all.o)
 .comment       0x00000000       0x27 /home/aszdrick/ufsc/soII/INE5424_FinalProject/software/semaphore_application_bsp//libhal_bsp.a(alt_icache_flush_all.o)
 .comment       0x00000000       0x27 /home/aszdrick/ufsc/soII/INE5424_FinalProject/software/semaphore_application_bsp//libhal_bsp.a(altera_nios2_qsys_irq.o)
 .comment       0x00000000       0x27 /home/aszdrick/ufsc/soII/INE5424_FinalProject/software/semaphore_application_bsp//libhal_bsp.a(alt_icache_flush.o)
 .comment       0x00000000       0x27 /home/aszdrick/altera/13.0sp1/nios2eds/bin/gnu/H-i686-pc-linux-gnu/bin/../lib/gcc/nios2-elf/4.1.2/../../../../nios2-elf/lib/libsmallc.a(lib_a-strlen.o)

.debug
 *(.debug)

.line
 *(.line)

.debug_srcinfo
 *(.debug_srcinfo)

.debug_sfnames
 *(.debug_sfnames)

.debug_aranges  0x00000000      0x1e8
 *(.debug_aranges)
 .debug_aranges
                0x00000000       0x28 /home/aszdrick/ufsc/soII/INE5424_FinalProject/software/semaphore_application_bsp//obj/HAL/src/crt0.o
 .debug_aranges
                0x00000028       0x20 obj/default/Semaphore.o
 .debug_aranges
                0x00000048       0x20 obj/default/main.o
 .debug_aranges
                0x00000068       0x20 /home/aszdrick/ufsc/soII/INE5424_FinalProject/software/semaphore_application_bsp//libhal_bsp.a(alt_load.o)
 .debug_aranges
                0x00000088       0x20 /home/aszdrick/ufsc/soII/INE5424_FinalProject/software/semaphore_application_bsp//libhal_bsp.a(alt_main.o)
 .debug_aranges
                0x000000a8       0x20 /home/aszdrick/ufsc/soII/INE5424_FinalProject/software/semaphore_application_bsp//libhal_bsp.a(alt_printf.o)
 .debug_aranges
                0x000000c8       0x20 /home/aszdrick/ufsc/soII/INE5424_FinalProject/software/semaphore_application_bsp//libhal_bsp.a(alt_putchar.o)
 .debug_aranges
                0x000000e8       0x20 /home/aszdrick/ufsc/soII/INE5424_FinalProject/software/semaphore_application_bsp//libhal_bsp.a(alt_putstr.o)
 .debug_aranges
                0x00000108       0x20 /home/aszdrick/ufsc/soII/INE5424_FinalProject/software/semaphore_application_bsp//libhal_bsp.a(alt_sys_init.o)
 .debug_aranges
                0x00000128       0x20 /home/aszdrick/ufsc/soII/INE5424_FinalProject/software/semaphore_application_bsp//libhal_bsp.a(altera_avalon_jtag_uart_write.o)
 .debug_aranges
                0x00000148       0x20 /home/aszdrick/ufsc/soII/INE5424_FinalProject/software/semaphore_application_bsp//libhal_bsp.a(alt_dcache_flush_all.o)
 .debug_aranges
                0x00000168       0x20 /home/aszdrick/ufsc/soII/INE5424_FinalProject/software/semaphore_application_bsp//libhal_bsp.a(alt_icache_flush_all.o)
 .debug_aranges
                0x00000188       0x20 /home/aszdrick/ufsc/soII/INE5424_FinalProject/software/semaphore_application_bsp//libhal_bsp.a(altera_nios2_qsys_irq.o)
 .debug_aranges
                0x000001a8       0x20 /home/aszdrick/ufsc/soII/INE5424_FinalProject/software/semaphore_application_bsp//libhal_bsp.a(alt_icache_flush.o)
 .debug_aranges
                0x000001c8       0x20 /home/aszdrick/altera/13.0sp1/nios2eds/bin/gnu/H-i686-pc-linux-gnu/bin/../lib/gcc/nios2-elf/4.1.2/../../../../nios2-elf/lib/libsmallc.a(lib_a-strlen.o)

.debug_pubnames
                0x00000000      0x2d3
 *(.debug_pubnames)
 .debug_pubnames
                0x00000000       0xae obj/default/Semaphore.o
 .debug_pubnames
                0x000000ae       0x1b obj/default/main.o
 .debug_pubnames
                0x000000c9       0x1f /home/aszdrick/ufsc/soII/INE5424_FinalProject/software/semaphore_application_bsp//libhal_bsp.a(alt_load.o)
 .debug_pubnames
                0x000000e8       0x46 /home/aszdrick/ufsc/soII/INE5424_FinalProject/software/semaphore_application_bsp//libhal_bsp.a(alt_main.o)
 .debug_pubnames
                0x0000012e       0x21 /home/aszdrick/ufsc/soII/INE5424_FinalProject/software/semaphore_application_bsp//libhal_bsp.a(alt_printf.o)
 .debug_pubnames
                0x0000014f       0x22 /home/aszdrick/ufsc/soII/INE5424_FinalProject/software/semaphore_application_bsp//libhal_bsp.a(alt_putchar.o)
 .debug_pubnames
                0x00000171       0x21 /home/aszdrick/ufsc/soII/INE5424_FinalProject/software/semaphore_application_bsp//libhal_bsp.a(alt_putstr.o)
 .debug_pubnames
                0x00000192       0x42 /home/aszdrick/ufsc/soII/INE5424_FinalProject/software/semaphore_application_bsp//libhal_bsp.a(alt_sys_init.o)
 .debug_pubnames
                0x000001d4       0x34 /home/aszdrick/ufsc/soII/INE5424_FinalProject/software/semaphore_application_bsp//libhal_bsp.a(altera_avalon_jtag_uart_write.o)
 .debug_pubnames
                0x00000208       0x2b /home/aszdrick/ufsc/soII/INE5424_FinalProject/software/semaphore_application_bsp//libhal_bsp.a(alt_dcache_flush_all.o)
 .debug_pubnames
                0x00000233       0x2b /home/aszdrick/ufsc/soII/INE5424_FinalProject/software/semaphore_application_bsp//libhal_bsp.a(alt_icache_flush_all.o)
 .debug_pubnames
                0x0000025e       0x31 /home/aszdrick/ufsc/soII/INE5424_FinalProject/software/semaphore_application_bsp//libhal_bsp.a(altera_nios2_qsys_irq.o)
 .debug_pubnames
                0x0000028f       0x27 /home/aszdrick/ufsc/soII/INE5424_FinalProject/software/semaphore_application_bsp//libhal_bsp.a(alt_icache_flush.o)
 .debug_pubnames
                0x000002b6       0x1d /home/aszdrick/altera/13.0sp1/nios2eds/bin/gnu/H-i686-pc-linux-gnu/bin/../lib/gcc/nios2-elf/4.1.2/../../../../nios2-elf/lib/libsmallc.a(lib_a-strlen.o)

.debug_info     0x00000000      0xec0
 *(.debug_info .gnu.linkonce.wi.*)
 .debug_info    0x00000000       0x82 /home/aszdrick/ufsc/soII/INE5424_FinalProject/software/semaphore_application_bsp//obj/HAL/src/crt0.o
 .debug_info    0x00000082      0x23f obj/default/Semaphore.o
 .debug_info    0x000002c1       0xa9 obj/default/main.o
 .debug_info    0x0000036a      0x12e /home/aszdrick/ufsc/soII/INE5424_FinalProject/software/semaphore_application_bsp//libhal_bsp.a(alt_load.o)
 .debug_info    0x00000498      0x125 /home/aszdrick/ufsc/soII/INE5424_FinalProject/software/semaphore_application_bsp//libhal_bsp.a(alt_main.o)
 .debug_info    0x000005bd      0x11d /home/aszdrick/ufsc/soII/INE5424_FinalProject/software/semaphore_application_bsp//libhal_bsp.a(alt_printf.o)
 .debug_info    0x000006da       0xc5 /home/aszdrick/ufsc/soII/INE5424_FinalProject/software/semaphore_application_bsp//libhal_bsp.a(alt_putchar.o)
 .debug_info    0x0000079f       0xc5 /home/aszdrick/ufsc/soII/INE5424_FinalProject/software/semaphore_application_bsp//libhal_bsp.a(alt_putstr.o)
 .debug_info    0x00000864      0x17d /home/aszdrick/ufsc/soII/INE5424_FinalProject/software/semaphore_application_bsp//libhal_bsp.a(alt_sys_init.o)
 .debug_info    0x000009e1      0x18f /home/aszdrick/ufsc/soII/INE5424_FinalProject/software/semaphore_application_bsp//libhal_bsp.a(altera_avalon_jtag_uart_write.o)
 .debug_info    0x00000b70       0x9f /home/aszdrick/ufsc/soII/INE5424_FinalProject/software/semaphore_application_bsp//libhal_bsp.a(alt_dcache_flush_all.o)
 .debug_info    0x00000c0f       0x8d /home/aszdrick/ufsc/soII/INE5424_FinalProject/software/semaphore_application_bsp//libhal_bsp.a(alt_icache_flush_all.o)
 .debug_info    0x00000c9c       0x8d /home/aszdrick/ufsc/soII/INE5424_FinalProject/software/semaphore_application_bsp//libhal_bsp.a(altera_nios2_qsys_irq.o)
 .debug_info    0x00000d29       0xd5 /home/aszdrick/ufsc/soII/INE5424_FinalProject/software/semaphore_application_bsp//libhal_bsp.a(alt_icache_flush.o)
 .debug_info    0x00000dfe       0xc2 /home/aszdrick/altera/13.0sp1/nios2eds/bin/gnu/H-i686-pc-linux-gnu/bin/../lib/gcc/nios2-elf/4.1.2/../../../../nios2-elf/lib/libsmallc.a(lib_a-strlen.o)

.debug_abbrev   0x00000000      0x850
 *(.debug_abbrev)
 .debug_abbrev  0x00000000       0x12 /home/aszdrick/ufsc/soII/INE5424_FinalProject/software/semaphore_application_bsp//obj/HAL/src/crt0.o
 .debug_abbrev  0x00000012      0x12a obj/default/Semaphore.o
 .debug_abbrev  0x0000013c       0x6e obj/default/main.o
 .debug_abbrev  0x000001aa       0x97 /home/aszdrick/ufsc/soII/INE5424_FinalProject/software/semaphore_application_bsp//libhal_bsp.a(alt_load.o)
 .debug_abbrev  0x00000241       0xa6 /home/aszdrick/ufsc/soII/INE5424_FinalProject/software/semaphore_application_bsp//libhal_bsp.a(alt_main.o)
 .debug_abbrev  0x000002e7       0xc7 /home/aszdrick/ufsc/soII/INE5424_FinalProject/software/semaphore_application_bsp//libhal_bsp.a(alt_printf.o)
 .debug_abbrev  0x000003ae       0x7b /home/aszdrick/ufsc/soII/INE5424_FinalProject/software/semaphore_application_bsp//libhal_bsp.a(alt_putchar.o)
 .debug_abbrev  0x00000429       0x7c /home/aszdrick/ufsc/soII/INE5424_FinalProject/software/semaphore_application_bsp//libhal_bsp.a(alt_putstr.o)
 .debug_abbrev  0x000004a5       0xe3 /home/aszdrick/ufsc/soII/INE5424_FinalProject/software/semaphore_application_bsp//libhal_bsp.a(alt_sys_init.o)
 .debug_abbrev  0x00000588       0xf0 /home/aszdrick/ufsc/soII/INE5424_FinalProject/software/semaphore_application_bsp//libhal_bsp.a(altera_avalon_jtag_uart_write.o)
 .debug_abbrev  0x00000678       0x57 /home/aszdrick/ufsc/soII/INE5424_FinalProject/software/semaphore_application_bsp//libhal_bsp.a(alt_dcache_flush_all.o)
 .debug_abbrev  0x000006cf       0x3f /home/aszdrick/ufsc/soII/INE5424_FinalProject/software/semaphore_application_bsp//libhal_bsp.a(alt_icache_flush_all.o)
 .debug_abbrev  0x0000070e       0x3f /home/aszdrick/ufsc/soII/INE5424_FinalProject/software/semaphore_application_bsp//libhal_bsp.a(altera_nios2_qsys_irq.o)
 .debug_abbrev  0x0000074d       0x89 /home/aszdrick/ufsc/soII/INE5424_FinalProject/software/semaphore_application_bsp//libhal_bsp.a(alt_icache_flush.o)
 .debug_abbrev  0x000007d6       0x7a /home/aszdrick/altera/13.0sp1/nios2eds/bin/gnu/H-i686-pc-linux-gnu/bin/../lib/gcc/nios2-elf/4.1.2/../../../../nios2-elf/lib/libsmallc.a(lib_a-strlen.o)

.debug_line     0x00000000     0x1f49
 *(.debug_line)
 .debug_line    0x00000000       0x72 /home/aszdrick/ufsc/soII/INE5424_FinalProject/software/semaphore_application_bsp//obj/HAL/src/crt0.o
 .debug_line    0x00000072      0x111 obj/default/Semaphore.o
 .debug_line    0x00000183      0x2c3 obj/default/main.o
 .debug_line    0x00000446      0x239 /home/aszdrick/ufsc/soII/INE5424_FinalProject/software/semaphore_application_bsp//libhal_bsp.a(alt_load.o)
 .debug_line    0x0000067f      0x2e4 /home/aszdrick/ufsc/soII/INE5424_FinalProject/software/semaphore_application_bsp//libhal_bsp.a(alt_main.o)
 .debug_line    0x00000963      0x203 /home/aszdrick/ufsc/soII/INE5424_FinalProject/software/semaphore_application_bsp//libhal_bsp.a(alt_printf.o)
 .debug_line    0x00000b66      0x214 /home/aszdrick/ufsc/soII/INE5424_FinalProject/software/semaphore_application_bsp//libhal_bsp.a(alt_putchar.o)
 .debug_line    0x00000d7a      0x1fb /home/aszdrick/ufsc/soII/INE5424_FinalProject/software/semaphore_application_bsp//libhal_bsp.a(alt_putstr.o)
 .debug_line    0x00000f75      0x2a8 /home/aszdrick/ufsc/soII/INE5424_FinalProject/software/semaphore_application_bsp//libhal_bsp.a(alt_sys_init.o)
 .debug_line    0x0000121d      0x316 /home/aszdrick/ufsc/soII/INE5424_FinalProject/software/semaphore_application_bsp//libhal_bsp.a(altera_avalon_jtag_uart_write.o)
 .debug_line    0x00001533      0x1ef /home/aszdrick/ufsc/soII/INE5424_FinalProject/software/semaphore_application_bsp//libhal_bsp.a(alt_dcache_flush_all.o)
 .debug_line    0x00001722      0x1e7 /home/aszdrick/ufsc/soII/INE5424_FinalProject/software/semaphore_application_bsp//libhal_bsp.a(alt_icache_flush_all.o)
 .debug_line    0x00001909      0x1f0 /home/aszdrick/ufsc/soII/INE5424_FinalProject/software/semaphore_application_bsp//libhal_bsp.a(altera_nios2_qsys_irq.o)
 .debug_line    0x00001af9      0x203 /home/aszdrick/ufsc/soII/INE5424_FinalProject/software/semaphore_application_bsp//libhal_bsp.a(alt_icache_flush.o)
 .debug_line    0x00001cfc      0x24d /home/aszdrick/altera/13.0sp1/nios2eds/bin/gnu/H-i686-pc-linux-gnu/bin/../lib/gcc/nios2-elf/4.1.2/../../../../nios2-elf/lib/libsmallc.a(lib_a-strlen.o)

.debug_frame    0x00000000      0x274
 *(.debug_frame)
 .debug_frame   0x00000000       0x70 obj/default/Semaphore.o
 .debug_frame   0x00000070       0x2c obj/default/main.o
 .debug_frame   0x0000009c       0x38 /home/aszdrick/ufsc/soII/INE5424_FinalProject/software/semaphore_application_bsp//libhal_bsp.a(alt_load.o)
 .debug_frame   0x000000d4       0x28 /home/aszdrick/ufsc/soII/INE5424_FinalProject/software/semaphore_application_bsp//libhal_bsp.a(alt_main.o)
 .debug_frame   0x000000fc       0x2c /home/aszdrick/ufsc/soII/INE5424_FinalProject/software/semaphore_application_bsp//libhal_bsp.a(alt_printf.o)
 .debug_frame   0x00000128       0x2c /home/aszdrick/ufsc/soII/INE5424_FinalProject/software/semaphore_application_bsp//libhal_bsp.a(alt_putchar.o)
 .debug_frame   0x00000154       0x28 /home/aszdrick/ufsc/soII/INE5424_FinalProject/software/semaphore_application_bsp//libhal_bsp.a(alt_putstr.o)
 .debug_frame   0x0000017c       0x38 /home/aszdrick/ufsc/soII/INE5424_FinalProject/software/semaphore_application_bsp//libhal_bsp.a(alt_sys_init.o)
 .debug_frame   0x000001b4       0x20 /home/aszdrick/ufsc/soII/INE5424_FinalProject/software/semaphore_application_bsp//libhal_bsp.a(altera_avalon_jtag_uart_write.o)
 .debug_frame   0x000001d4       0x20 /home/aszdrick/ufsc/soII/INE5424_FinalProject/software/semaphore_application_bsp//libhal_bsp.a(alt_dcache_flush_all.o)
 .debug_frame   0x000001f4       0x20 /home/aszdrick/ufsc/soII/INE5424_FinalProject/software/semaphore_application_bsp//libhal_bsp.a(alt_icache_flush_all.o)
 .debug_frame   0x00000214       0x20 /home/aszdrick/ufsc/soII/INE5424_FinalProject/software/semaphore_application_bsp//libhal_bsp.a(altera_nios2_qsys_irq.o)
 .debug_frame   0x00000234       0x20 /home/aszdrick/ufsc/soII/INE5424_FinalProject/software/semaphore_application_bsp//libhal_bsp.a(alt_icache_flush.o)
 .debug_frame   0x00000254       0x20 /home/aszdrick/altera/13.0sp1/nios2eds/bin/gnu/H-i686-pc-linux-gnu/bin/../lib/gcc/nios2-elf/4.1.2/../../../../nios2-elf/lib/libsmallc.a(lib_a-strlen.o)

.debug_str      0x00000000      0x637
 *(.debug_str)
 .debug_str     0x00000000      0x127 obj/default/Semaphore.o
                                0x165 (size before relaxing)
 .debug_str     0x00000127       0x11 obj/default/main.o
                                 0xe8 (size before relaxing)
 .debug_str     0x00000138      0x14e /home/aszdrick/ufsc/soII/INE5424_FinalProject/software/semaphore_application_bsp//libhal_bsp.a(alt_load.o)
                                0x1d7 (size before relaxing)
 .debug_str     0x00000286       0x75 /home/aszdrick/ufsc/soII/INE5424_FinalProject/software/semaphore_application_bsp//libhal_bsp.a(alt_main.o)
                                0x15b (size before relaxing)
 .debug_str     0x000002fb       0x46 /home/aszdrick/ufsc/soII/INE5424_FinalProject/software/semaphore_application_bsp//libhal_bsp.a(alt_printf.o)
                                 0xc2 (size before relaxing)
 .debug_str     0x00000341       0x4c /home/aszdrick/ufsc/soII/INE5424_FinalProject/software/semaphore_application_bsp//libhal_bsp.a(alt_putchar.o)
                                0x132 (size before relaxing)
 .debug_str     0x0000038d       0x20 /home/aszdrick/ufsc/soII/INE5424_FinalProject/software/semaphore_application_bsp//libhal_bsp.a(alt_putstr.o)
                                0x130 (size before relaxing)
 .debug_str     0x000003ad       0x85 /home/aszdrick/ufsc/soII/INE5424_FinalProject/software/semaphore_application_bsp//libhal_bsp.a(alt_sys_init.o)
                                0x1ce (size before relaxing)
 .debug_str     0x00000432       0x56 /home/aszdrick/ufsc/soII/INE5424_FinalProject/software/semaphore_application_bsp//libhal_bsp.a(altera_avalon_jtag_uart_write.o)
                                0x1d3 (size before relaxing)
 .debug_str     0x00000488       0x34 /home/aszdrick/ufsc/soII/INE5424_FinalProject/software/semaphore_application_bsp//libhal_bsp.a(alt_dcache_flush_all.o)
                                0x11a (size before relaxing)
 .debug_str     0x000004bc       0x34 /home/aszdrick/ufsc/soII/INE5424_FinalProject/software/semaphore_application_bsp//libhal_bsp.a(alt_icache_flush_all.o)
                                0x11a (size before relaxing)
 .debug_str     0x000004f0       0x3b /home/aszdrick/ufsc/soII/INE5424_FinalProject/software/semaphore_application_bsp//libhal_bsp.a(altera_nios2_qsys_irq.o)
                                0x121 (size before relaxing)
 .debug_str     0x0000052b       0x2c /home/aszdrick/ufsc/soII/INE5424_FinalProject/software/semaphore_application_bsp//libhal_bsp.a(alt_icache_flush.o)
                                0x120 (size before relaxing)
 .debug_str     0x00000557       0xe0 /home/aszdrick/altera/13.0sp1/nios2eds/bin/gnu/H-i686-pc-linux-gnu/bin/../lib/gcc/nios2-elf/4.1.2/../../../../nios2-elf/lib/libsmallc.a(lib_a-strlen.o)
                                0x17b (size before relaxing)

.debug_loc      0x00000000      0x340
 *(.debug_loc)
 .debug_loc     0x00000000       0x7f obj/default/main.o
 .debug_loc     0x0000007f       0x1f /home/aszdrick/ufsc/soII/INE5424_FinalProject/software/semaphore_application_bsp//libhal_bsp.a(alt_load.o)
 .debug_loc     0x0000009e       0x1f /home/aszdrick/ufsc/soII/INE5424_FinalProject/software/semaphore_application_bsp//libhal_bsp.a(alt_main.o)
 .debug_loc     0x000000bd      0x175 /home/aszdrick/ufsc/soII/INE5424_FinalProject/software/semaphore_application_bsp//libhal_bsp.a(alt_printf.o)
 .debug_loc     0x00000232       0x3d /home/aszdrick/ufsc/soII/INE5424_FinalProject/software/semaphore_application_bsp//libhal_bsp.a(alt_putchar.o)
 .debug_loc     0x0000026f       0x48 /home/aszdrick/ufsc/soII/INE5424_FinalProject/software/semaphore_application_bsp//libhal_bsp.a(alt_putstr.o)
 .debug_loc     0x000002b7       0x32 /home/aszdrick/ufsc/soII/INE5424_FinalProject/software/semaphore_application_bsp//libhal_bsp.a(alt_sys_init.o)
 .debug_loc     0x000002e9       0x26 /home/aszdrick/ufsc/soII/INE5424_FinalProject/software/semaphore_application_bsp//libhal_bsp.a(altera_avalon_jtag_uart_write.o)
 .debug_loc     0x0000030f       0x13 /home/aszdrick/ufsc/soII/INE5424_FinalProject/software/semaphore_application_bsp//libhal_bsp.a(alt_icache_flush.o)
 .debug_loc     0x00000322       0x1e /home/aszdrick/altera/13.0sp1/nios2eds/bin/gnu/H-i686-pc-linux-gnu/bin/../lib/gcc/nios2-elf/4.1.2/../../../../nios2-elf/lib/libsmallc.a(lib_a-strlen.o)

.debug_macinfo
 *(.debug_macinfo)

.debug_weaknames
 *(.debug_weaknames)

.debug_funcnames
 *(.debug_funcnames)

.debug_typenames
 *(.debug_typenames)

.debug_varnames
 *(.debug_varnames)

.debug_alt_sim_info
                0x00000000       0x30
 *(.debug_alt_sim_info)
 .debug_alt_sim_info
                0x00000000       0x30 /home/aszdrick/ufsc/soII/INE5424_FinalProject/software/semaphore_application_bsp//obj/HAL/src/crt0.o
                0x00010000                __alt_data_end = 0x10000
                0x00010000                PROVIDE (__alt_stack_pointer, __alt_data_end)
                0x000085e4                PROVIDE (__alt_stack_limit, __alt_stack_base)
                0x000085e4                PROVIDE (__alt_heap_start, end)
                0x00010000                PROVIDE (__alt_heap_limit, 0x10000)
OUTPUT(semaphore_application.elf elf32-littlenios2)

.debug_ranges   0x00000000       0x20
 .debug_ranges  0x00000000       0x20 /home/aszdrick/ufsc/soII/INE5424_FinalProject/software/semaphore_application_bsp//obj/HAL/src/crt0.o
